<html>
<body>
<pre>
<h1>礦ision Build Log</h1>
<h2>Tool Versions:</h2>
IDE-Version: μVision V5.25.2.0
Copyright (C) 2018 ARM Ltd and ARM Germany GmbH. All rights reserved.
License Information: 11 acer, 11, LIC=2TTNN-Y1FWZ-49VG2-9MSKS-M73G0-HZRNU
 
Tool Versions:
Toolchain:       MDK-ARM Professional  Version: 5.25.2.0
Toolchain Path:  D:\KEIL\Keil_v5\ARM\ARMCC\Bin
C Compiler:      Armcc.exe V5.06 update 6 (build 750)
Assembler:       Armasm.exe V5.06 update 6 (build 750)
Linker/Locator:  ArmLink.exe V5.06 update 6 (build 750)
Library Manager: ArmAr.exe V5.06 update 6 (build 750)
Hex Converter:   FromElf.exe V5.06 update 6 (build 750)
CPU DLL:         SARMCM3.DLL V5.25.2.0
Dialog DLL:      DCM.DLL V1.17.1.0
Target DLL:      CMSIS_AGDI.dll V1.29.10.0
Dialog DLL:      TCM.DLL V1.35.1.0
 
<h2>Project:</h2>
D:\测试例程\M2006_测试例程\Project\RVMDK（uv5）\Robotmaster_Infantry.uvprojx
Project File Date:  10/14/2019

<h2>Output:</h2>
*** Using Compiler 'V5.06 update 6 (build 750)', folder: 'D:\KEIL\Keil_v5\ARM\ARMCC\Bin'
Build target '固件库-工程模版'
compiling main.c...
..\..\Devices\M2006_Motor.h(52): warning:  #1295-D: Deprecated declaration M2006s_Init - give arg types
  void M2006s_Init();
..\..\Devices\M2006_Motor.h(53): warning:  #1295-D: Deprecated declaration M2006_DR16Control - give arg types
  void M2006_DR16Control();
..\..\Devices\Debug_ANO.h(14): warning:  #1-D: last line of file ends without a newline
   
..\..\User\main.c: 3 warnings, 0 errors
linking...
Program Size: Code=8108 RO-data=460 RW-data=40 ZI-data=2080  
FromELF: creating hex file...
".\Objects\Robotmaster_Infantry.axf" - 0 Error(s), 3 Warning(s).

<h2>Software Packages used:</h2>

Package Vendor: Keil
                http://www.keil.com/pack/Keil.STM32F4xx_DFP.2.5.0.pack
                Keil.STM32F4xx_DFP.2.5.0
                STMicroelectronics STM32F4 Series Device Support, Drivers and Examples

<h2>Collection of Component include folders:</h2>
  .\RTE\_______-________
  D:\Keil_v5\ARM\PACK\Keil\STM32F4xx_DFP\2.5.0\Drivers\CMSIS\Device\ST\STM32F4xx\Include

<h2>Collection of Component Files used:</h2>
Build Time Elapsed:  00:00:03
</pre>
</body>
</html>
